🧪 OBSIDIAN PHOTO SEARCH PLUGIN - CLICK-TO-PREVIEW ENHANCEMENT
============================================================

Date: June 7, 2025
Test Status: ✅ ALL TESTS PASSED

LATEST ENHANCEMENT:
==================

🎯 **CLICK-TO-PREVIEW INTERFACE** ✅
   - **Problem**: User found hover preview distracting and wanted more control
   - **Solution**: Converted from 1-step to 2-step selection process
   - **New Flow**: Click thumbnail → Large preview with options → Choose action
   - **Features**:
     * Large preview overlay with enhanced styling
     * Two clear action buttons: "Close" and "Select Image"
     * Multiple exit options: Escape key, background click, close button
     * Photo information display (photographer, dimensions, source)
     * Smooth animations and professional UI

INTERACTION MODEL CHANGE:
========================
**BEFORE**: Hover for preview → Click to insert (1-step, distracting)
**NOW**: Click for preview → Choose to close or select (2-step, deliberate)

BENEFITS:
========
✅ **No More Accidental Insertion**: Users must explicitly choose to save
✅ **Better Evaluation Time**: Large preview allows proper image assessment  
✅ **Multiple Exit Strategies**: Easy to back out without selecting
✅ **Enhanced Information**: Preview shows all relevant photo details
✅ **Professional UX**: Clear visual hierarchy and intuitive controls

TECHNICAL IMPLEMENTATION:
========================

1. **Enhanced showImagePreview() Method**:
   - Creates structured preview container with buttons
   - Implements action button event handlers
   - Adds keyboard shortcuts (Escape) and background click
   - Displays photo metadata in overlay

2. **Updated CSS Styling**:
   - Professional button styling with hover effects
   - Improved overlay background and container layout
   - Enhanced animation transitions
   - Better visual hierarchy for photo information

3. **Event Handling**:
   - Click event delegation for proper interaction
   - Keyboard event listeners for accessibility
   - Background click detection for intuitive closing
   - Proper event cleanup and memory management

CRITICAL ISSUES FIXED:
=====================

1. ✅ DEFAULT PROVIDER SETTING BUG
   - Plugin now uses `plugin.settings.defaultProvider` correctly

2. ✅ CLICK-TO-PREVIEW FUNCTIONALITY (NEW)
   - Replaced distracting hover with deliberate click-to-preview
   - Two-step process prevents accidental photo insertion

ADDITIONAL IMPROVEMENTS:
=======================

3. ✅ TAB SWITCHING ENHANCEMENT
   - Data attributes for reliable tab identification

4. ✅ MEMORY MANAGEMENT
   - Proper cleanup prevents memory leaks

5. ✅ CODE QUALITY
   - Standard JavaScript APIs for better compatibility

BUILD VERIFICATION:
==================
✅ TypeScript compilation: SUCCESS (no errors)
✅ Bundle generation: SUCCESS (main.js: 44,450 bytes)
✅ All dependencies resolved
✅ Plugin ready for installation

TESTING SUMMARY:
===============
✅ Default provider setting functionality
✅ Click-to-preview with action buttons
✅ Two-step photo selection process  
✅ Escape key and background click handling
✅ Tab switching with data attributes
✅ Standard DOM API usage
✅ Memory management and cleanup
✅ Build process and file generation

USER EXPERIENCE IMPROVEMENTS:
============================
🎯 **More Deliberate Selection**: Users now preview before committing
🎯 **Reduced Accidents**: No more unintended photo insertions
🎯 **Better Information**: Enhanced preview shows all photo details
🎯 **Professional Interface**: Clean, modern overlay with clear actions
🎯 **Accessibility**: Multiple ways to interact (click, keyboard, background)

The plugin now provides a much more controlled and professional photo selection experience! 🚀
URL: https://unsplash.com/photos/abc123xyz
Result: unsplash - abc123xyz
---
URL: https://unsplash.com/photos/mountain-sunset-abc123xyz
Result: unsplash - abc123xyz
---
URL: https://unsplash.com/@photographer/def456ghi
Result: unsplash - def456ghi
---
URL: https://unsplash.com/photos/abc123xyz?utm_source=test&utm_medium=referral
Result: unsplash - abc123xyz
---
URL: https://pixabay.com/photos/sunset-mountains-123456/
Result: pixabay - 123456
---
URL: https://pixabay.com/en/photos/lake-reflection-789012/
Result: pixabay - 789012
---
URL: https://pixabay.com/photos/nature-landscape-456789
Result: pixabay - 456789
---
URL: https://pixabay.com/photos/beautiful-sunset-123456/?utm_source=test
Result: pixabay - 123456
---
URL: random search text
Result: No match
---
URL: mountains sunset
Result: No match
---
URL: https://example.com/not-a-photo-url
Result: No match
---
